Format: Log Type - Time(microsec) - Message - Optional Info
Log Type: B - Since Boot(Power On Reset),  D - Delta,  S - Statistic
S - QC_IMAGE_VERSION_STRING=BOOT.BF.3.0-00280
S - IMAGE_VARIANT_STRING=HAAAANAAA
S - OEM_IMAGE_VERSION_STRING=InforceServer
S - Boot Config, 0x000002e3
S - Core 0 Frequency, 0 MHz
B -      1547 - PBL, Start
B -      3495 - bootable_media_detect_entry, Start
B -    258594 - bootable_media_detect_success, Start
B -    258599 - elf_loader_entry, Start
B -    260793 - auth_hash_seg_entry, Start
B -    261004 - auth_hash_seg_exit, Start
B -    277354 - elf_segs_hash_verify_entry, Start
B -    338042 - PBL, End
B -    275537 - SBL1, Start
B -    326380 - pm_device_init, Start
D -     14243 - pm_device_init, Delta
B -    340959 - boot_flash_init, Start
D -         0 - boot_flash_init, Delta
B -    344985 - boot_config_data_table_init, Start
D -     53863 - boot_config_data_table_init, Delta - (0 Bytes)
B -    403423 - CDT version:3,Platform ID:24,Major ID:1,Minor ID:0,Subtype:0
B -    409462 - sbl1_ddr_set_params, Start
B -    413275 - cpr_init, Start
D -         0 - cpr_init, Delta
B -    418887 - Pre_DDR_clock_init, Start
D -       183 - Pre_DDR_clock_init, Delta
D -         0 - sbl1_ddr_set_params, Delta
B -    431514 - pm_driver_init, Start
D -      3507 - pm_driver_init, Delta
B -    443561 - clock_init, Start
D -        30 - clock_init, Delta
B -    453718 - Image Load, Start
D -     34068 - QSEE Image Loaded, Delta - (567100 Bytes)
B -    487817 - Image Load, Start
D -       396 - SEC Image Loaded, Delta - (2048 Bytes)
B -    495045 - sbl1_efs_handle_cookies, Start
D -        61 - sbl1_efs_handle_cookies, Delta
B -    502823 - Image Load, Start
D -     20160 - QHEE Image Loaded, Delta - (51952 Bytes)
B -    523014 - Image Load, Start
D -     14609 - RPM Image Loaded, Delta - (149492 Bytes)
B -    537654 - Image Load, Start
D -     13054 - APPSBL Image Loaded, Delta - (488840 Bytes)
B -    550738 - QSEE Execution, Start
D -        61 - QSEE Execution, Delta
B -    556411 - SBL1, End
D -    283253 - SBL1, Delta
S - Flash Throughput, 118000 KB/s  (1259432 Bytes,  10614 us)
S - DDR Frequency, 400 MHz
Android Bootloader - UART_DM Initialized!!!
[0] welcome to lk

[10] platform_init()
[10] target_init()
[50] SDHC Running in HS200 mode
[60] Done initialization of the card
[70] pm8x41_get_is_cold_boot: cold boot
[70] No 'frp' partition found
[70] Not able to search the panel:
[80] Display not enabled for 24 HW type
[80] Target panel init not found!
[80] pm8x41_get_is_cold_boot: cold boot
[90] partition misc doesn't exist
[90] error in emmc_recovery_init
[90] Unable to locate /bootselect partition
[100] No 'misc' partition found
[100] Error reading MISC partition
[100] failed to get ffbm cookie[110] use_signed_kernel=0, is_unlocked=0, is_tampered=0.
[110] Loading boot image (446464): start
[130] Loading boot image (446464): done
[130] DTB Total entry: 5, DTB version: 2
[130] Using DTB entry 0x000000f7/00000000/0x00010018/0 for device 0x000000f7/00010000/0x00010018/0
[140] Using pmic info 0x2000b/0x0/0x0/0x0 for device 0x2000b/0x0/0x0/0x0
[150] target_display_panel_node:510: hw_id=24 panel_name=""
[150] cmdline:  androidboot.emmc=true androidboot.serialno=a88f3c50 androidboot.baseband=apq mdss_mdp.panel=0:dsi:0:
[160] Updating device tree: start
[170] Setting mac address in DT: 2:0:a8:8f:3c:50
[180] Updating device tree: done
[330] booting linux @ 0x80080000, ramdisk @ 0x82000000 (0), tags/device tree @ 0x81e00000
[340] Jumping to kernel via monitor


U-Boot 2018.03-rc2-dirty (Feb 16 2018 - 16:38:57 +0530)
Qualcomm-DragonBoard 410C

DRAM:  986 MiB
MMC:   sdhci@07824000: 0, sdhci@07864000: 1
Loading Environment from MMC... OK
In:    serial@78b0000
Out:   serial@78b0000
Err:   serial@78b0000
Net:   Net Initialization Skipped
No ethernet found.
Hit any key to stop autoboot:  0 
70866 bytes read in 142 ms (487.3 KiB/s)
dragonboard410c => setenv bootargs root=/dev/mmcblk0p10 rw rootwait console=tty0 console=ttyMSM0,115200n8 rootfs=ext2 noinitrd selinux=0
dragonboard410c => ext2load mmc 0:A ${kernel_addr_r} /boot/uImage; ext2load mmc 0:A ${fdt_addr_r} /boot/apq8016-sbc.dtb; bootm ${kernel_addr_r} - ${fdt_addr_r}
8862272 bytes read in 1047 ms (8.1 MiB/s)
70866 bytes read in 141 ms (490.2 KiB/s)
## Booting kernel from Legacy Image at 81000000 ...
   Image Name:   Dragonboard
   Image Type:   AArch64 Linux Kernel Image (uncompressed)
   Data Size:    8862208 Bytes = 8.5 MiB
   Load Address: 80080000
   Entry Point:  80080000
   Verifying Checksum ... OK
## Flattened Device Tree blob at 83000000
   Booting using the fdt blob at 0x83000000
   Loading Kernel Image ... OK
   Using Device Tree in place at 0000000083000000, end 00000000830144d1

Starting kernel ...

[    0.000000] Booting Linux on physical CPU 0x0
[    0.000000] Initializing cgroup subsys cpu
[    0.000000] Initializing cgroup subsys cpuacct
[    0.000000] Linux version 4.4.38 (hrishikesh@ubuntu) (gcc version 6.4.0 (Buildroot 2017.08-rc3) ) #1 SMP PREEMPT Tue Jan 30 11:54:38 PST 2018
[    0.000000] Boot CPU: AArch64 Processor [410fd030]
[    0.000000] efi: Getting EFI parameters from FDT:
[    0.000000] efi: UEFI not found.
[    0.000000] cma: Reserved 16 MiB at 0x00000000bc800000
[    0.000000] psci: probing for conduit method from DT.
[    0.000000] psci: PSCIv1.0 detected in firmware.
[    0.000000] psci: Using standard PSCI v0.2 function IDs
[    0.000000] psci: MIGRATE_INFO_TYPE not supported.
[    0.000000] PERCPU: Embedded 16 pages/cpu @ffffffc03d93a000 s26152 r8192 d31192 u65536
[    0.000000] Detected VIPT I-cache on CPU0
[    0.000000] CPU features: enabling workaround for ARM errata 826319, 827319, 824069
[    0.000000] CPU features: enabling workaround for ARM erratum 845719
[    0.000000] Built 1 zonelists in Zone order, mobility grouping on.  Total pages: 231840
[    0.000000] Kernel command line: root=/dev/mmcblk0p10 rw rootwait console=tty0 console=ttyMSM0,115200n8 rootfs=ext2 noinitrd selinux=0
[    0.000000] PID hash table entries: 4096 (order: 3, 32768 bytes)
[    0.000000] Dentry cache hash table entries: 131072 (order: 8, 1048576 bytes)
[    0.000000] Inode-cache hash table entries: 65536 (order: 7, 524288 bytes)
[    0.000000] software IO TLB [mem 0xb7600000-0xbb600000] (64MB) mapped at [ffffffc037600000-ffffffc03b5fffff]
[    0.000000] Memory: 831732K/942080K available (5260K kernel code, 522K rwdata, 2476K rodata, 332K init, 518K bss, 93964K reserved, 16384K cma-reserved)
[    0.000000] Virtual kernel memory layout:
[    0.000000]     vmalloc : 0xffffff8000000000 - 0xffffffbdbfff0000   (   246 GB)
[    0.000000]     vmemmap : 0xffffffbdc0000000 - 0xffffffbfc0000000   (     8 GB maximum)
[    0.000000]               0xffffffbdc0000000 - 0xffffffbdc0f68000   (    15 MB actual)
[    0.000000]     fixed   : 0xffffffbffa7fd000 - 0xffffffbffac00000   (  4108 KB)
[    0.000000]     PCI I/O : 0xffffffbffae00000 - 0xffffffbffbe00000   (    16 MB)
[    0.000000]     modules : 0xffffffbffc000000 - 0xffffffc000000000   (    64 MB)
[    0.000000]     memory  : 0xffffffc000000000 - 0xffffffc03da00000   (   986 MB)
[    0.000000]       .init : 0xffffffc000810000 - 0xffffffc000863000   (   332 KB)
[    0.000000]       .text : 0xffffffc000080000 - 0xffffffc00080f974   (  7743 KB)
[    0.000000]       .data : 0xffffffc000871000 - 0xffffffc0008f3a00   (   523 KB)
[    0.000000] SLUB: HWalign=64, Order=0-3, MinObjects=0, CPUs=4, Nodes=1
[    0.000000] Preemptible hierarchical RCU implementation.
[    0.000000] 	Build-time adjustment of leaf fanout to 64.
[    0.000000] 	RCU restricting CPUs from NR_CPUS=64 to nr_cpu_ids=4.
[    0.000000] RCU: Adjusting geometry for rcu_fanout_leaf=64, nr_cpu_ids=4
[    0.000000] NR_IRQS:64 nr_irqs:64 0
[    0.000000] Architected cp15 and mmio timer(s) running at 19.20MHz (virt/virt).
[    0.000000] clocksource: arch_sys_counter: mask: 0xffffffffffffff max_cycles: 0x46d987e47, max_idle_ns: 440795202767 ns
[    0.000005] sched_clock: 56 bits at 19MHz, resolution 52ns, wraps every 4398046511078ns
[    0.000531] Console: colour dummy device 80x25
[    0.001802] console [tty0] enabled
[    0.001834] kmemleak: Kernel memory leak detector disabled
[    0.001874] Calibrating delay loop (skipped), value calculated using timer frequency.. 38.40 BogoMIPS (lpj=76800)
[    0.001936] pid_max: default: 32768 minimum: 301
[    0.002113] Mount-cache hash table entries: 2048 (order: 2, 16384 bytes)
[    0.002154] Mountpoint-cache hash table entries: 2048 (order: 2, 16384 bytes)
[    0.002886] Initializing cgroup subsys freezer
[    0.002933] Initializing cgroup subsys debug
[    0.003264] EFI services will not be available.
[    0.003318] ASID allocator initialised with 65536 entries
[    0.035924] Detected VIPT I-cache on CPU1
[    0.035966] CPU1: Booted secondary processor [410fd030]
[    0.047941] Detected VIPT I-cache on CPU2
[    0.047977] CPU2: Booted secondary processor [410fd030]
[    0.059977] Detected VIPT I-cache on CPU3
[    0.060009] CPU3: Booted secondary processor [410fd030]
[    0.060086] Brought up 4 CPUs
[    0.060278] SMP: Total of 4 processors activated.
[    0.060314] CPU: All CPU(s) started at EL1
[    0.060370] alternatives: patching kernel code
[    0.061242] devtmpfs: initialized
[    0.112098] DMI not present or invalid.
[    0.112635] clocksource: jiffies: mask: 0xffffffff max_cycles: 0xffffffff, max_idle_ns: 7645041785100000 ns
[    0.113682] pinctrl core: initialized pinctrl subsystem
[    0.115110] NET: Registered protocol family 16
[    0.128043] cpuidle: using governor ladder
[    0.132127] cpuidle: using governor menu
[    0.132336] vdso: 2 pages (1 code @ ffffffc000879000, 1 data @ ffffffc000878000)
[    0.132421] hw-breakpoint: found 6 breakpoint and 4 watchpoint registers.
[    0.133825] DMA: preallocated 256 KiB pool for atomic allocations
[    0.153019] irq: no irq domain found for /hexagon-smp2p/slave-kernel !
[    0.154043] irq: no irq domain found for /wcnss-smp2p/slave-kernel !
[    0.158722] irq: no irq domain found for /soc/qcom,mdss_mdp@1a00000 !
[    0.187505] SCSI subsystem initialized
[    0.187916] media: Linux media interface: v0.10
[    0.188027] Linux video capture interface: v2.00
[    0.188378] dmi: Firmware registration failed.
[    0.188512] Advanced Linux Sound Architecture Driver Initialized.
[    0.189588] Bluetooth: Core ver 2.21
[    0.189662] NET: Registered protocol family 31
[    0.189696] Bluetooth: HCI device and connection manager initialized
[    0.189742] Bluetooth: HCI socket layer initialized
[    0.189785] Bluetooth: L2CAP socket layer initialized
[    0.189867] Bluetooth: SCO socket layer initialized
[    0.190285] db.txt is empty, you should update it...
[    0.190345] ------------[ cut here ]------------
[    0.190394] WARNING: at net/wireless/reg.c:523
[    0.190424] Modules linked in:
[    0.190456] 
[    0.190487] CPU: 1 PID: 1 Comm: swapper/0 Not tainted 4.4.38 #1
[    0.190522] Hardware name: Qualcomm Technologies, Inc. APQ 8016 SBC (DT)
[    0.190559] task: ffffffc009968000 ti: ffffffc009970000 task.ti: ffffffc009970000
[    0.190616] PC is at regulatory_init+0xd8/0x168
[    0.190651] LR is at regulatory_init+0xd8/0x168
[    0.190684] pc : [<ffffffc00083e138>] lr : [<ffffffc00083e138>] pstate: 80000005
[    0.190735] sp : ffffffc009973d10
[    0.190764] x29: ffffffc009973d10 x28: 0000000000000000 
[    0.190805] x27: ffffffc00085b340 x26: ffffffc000842ca8 
[    0.190846] x25: ffffffc0008f7000 x24: ffffffc00081025c 
[    0.190886] x23: 0000000000000000 x22: ffffffc000974ad0 
[    0.190927] x21: ffffffc000974b48 x20: ffffffc0008de000 
[    0.190968] x19: ffffffc000974000 x18: 000000000002e74d 
[    0.191008] x17: 000000000000000e x16: 0000000000000007 
[    0.191048] x15: 000000000000000a x14: ffffffc0808fcc07 
[    0.191089] x13: 0000000000000005 x12: 0000000000000030 
[    0.191129] x11: ffffffc0008fcc0f x10: 00000000fffffffe 
[    0.191170] x9 : 0000000005f5e0ff x8 : 2e2e2e7469206574 
[    0.191210] x7 : 0000000000000054 x6 : ffffffc0008fcc3f 
[    0.191251] x5 : 0000000000000000 x4 : 0000000000000054 
[    0.191291] x3 : 00000000ffffffff x2 : ffffffc009970000 
[    0.191331] x1 : 0000000000000000 x0 : 0000000000000028 
[    0.191371] 
[    0.191410] ---[ end trace 79fc58025b7729a8 ]---
[    0.191442] Call trace:
[    0.191475] [<ffffffc00083e138>] regulatory_init+0xd8/0x168
[    0.191514] [<ffffffc00083dfe4>] cfg80211_init+0x70/0xec
[    0.191551] [<ffffffc000082138>] do_one_initcall+0x74/0x19c
[    0.191589] [<ffffffc000810b40>] kernel_init_freeable+0x1e0/0x1e4
[    0.191629] [<ffffffc0005939fc>] kernel_init+0x18/0xd8
[    0.191666] [<ffffffc0000855d0>] ret_from_fork+0x10/0x40
[    0.192455] clocksource: Switched to clocksource arch_sys_counter
[    0.208716] NET: Registered protocol family 2
[    0.209560] TCP established hash table entries: 8192 (order: 4, 65536 bytes)
[    0.209697] TCP bind hash table entries: 8192 (order: 6, 262144 bytes)
[    0.210001] TCP: Hash tables configured (established 8192 bind 8192)
[    0.210134] UDP hash table entries: 512 (order: 3, 49152 bytes)
[    0.210224] UDP-Lite hash table entries: 512 (order: 3, 49152 bytes)
[    0.210588] NET: Registered protocol family 1
[    0.211399] hw perfevents: enabled with armv8_pmuv3 PMU driver, 7 counters available
[    0.213410] futex hash table entries: 1024 (order: 5, 131072 bytes)
[    0.235162] fuse init (API version 7.23)
[    0.236342] cryptomgr_test (40) used greatest stack depth: 15072 bytes left
[    0.238481] Block layer SCSI generic (bsg) driver version 0.4 loaded (major 252)
[    0.238551] io scheduler noop registered
[    0.238592] io scheduler deadline registered
[    0.238670] io scheduler cfq registered (default)
[    0.334138] msm_serial 78af000.serial: msm_serial: detected port #1
[    0.334345] msm_serial 78af000.serial: uartclk = 3686400
[    0.334459] 78af000.serial: ttyMSM1 at MMIO 0x78af000 (irq = 131, base_baud = 230400) is a MSM
[    0.335315] msm_serial 78b0000.serial: msm_serial: detected port #0
[    0.335456] msm_serial 78b0000.serial: uartclk = 3686400
[    0.335551] 78b0000.serial: ttyMSM0 at MMIO 0x78b0000 (irq = 132, base_baud = 230400) is a MSM
[    0.335627] msm_serial: console setup on port #0
[    1.166386] console [ttyMSM0] enabled
[    1.171795] msm_serial: driver initialized
[    1.194318] brd: module loaded
[    1.204398] loop: module loaded
[    1.204795] SCSI Media Changer driver v0.25 
[    1.207348] tun: Universal TUN/TAP device driver, 1.6
[    1.210907] tun: (C) 1999-2004 Max Krasnyansky <maxk@qualcomm.com>
[    1.216103] PPP generic driver version 2.4.2
[    1.222206] PPP BSD Compression module registered
[    1.226351] PPP Deflate Compression module registered
[    1.230966] NET: Registered protocol family 24
[    1.236533] mousedev: PS/2 mouse device common for all mice
[    1.240986] i2c /dev entries driver
[    1.246476] device-mapper: ioctl: 4.34.0-ioctl (2015-10-28) initialised: dm-devel@redhat.com
[    1.250013] sdhci: Secure Digital Host Controller Interface driver
[    1.257954] sdhci: Copyright(c) Pierre Ossman
[    1.263933] sdhci-pltfm: SDHCI platform and OF driver helper
[    1.268876] ashmem: initialized
[    1.275545] u32 classifier
[    1.276947]     Actions configured
[    1.279758] Netfilter messages via NETLINK v0.30.
[    1.283214] nf_conntrack version 0.5.0 (6625 buckets, 26500 max)
[    1.288553] ctnetlink v0.93: registering with nfnetlink.
[    1.294519] xt_time: kernel timezone is -0000
[    1.299743] ip_tables: (C) 2000-2006 Netfilter Core Team
[    1.303753] arp_tables: (C) 2002 David S. Miller
[    1.309001] Initializing XFRM netlink socket
[    1.315257] NET: Registered protocol family 10
[    1.319294] mip6: Mobile IPv6
[    1.322046] ip6_tables: (C) 2000-2006 Netfilter Core Team
[    1.325397] sit: IPv6 over IPv4 tunneling driver
[    1.331420] NET: Registered protocol family 17
[    1.335179] bridge: automatic filtering via arp/ip/ip6tables has been deprecated. Update your scripts to load br_netfilter if you need this.
[    1.339424] Ebtables v2.0 registered
[    1.352288] Bluetooth: RFCOMM TTY layer initialized
[    1.355696] Bluetooth: RFCOMM socket layer initialized
[    1.360305] Bluetooth: RFCOMM ver 1.11
[    1.365511] Bluetooth: BNEP (Ethernet Emulation) ver 1.3
[    1.369224] Bluetooth: BNEP filters: protocol multicast
[    1.374704] Bluetooth: BNEP socket layer initialized
[    1.379651] Bluetooth: HIDP (Human Interface Emulation) ver 1.2
[    1.384866] Bluetooth: HIDP socket layer initialized
[    1.392394] hctosys: unable to open rtc device (rtc0)
[    1.412707] ALSA device lisï¿½[    1.415507] Waiting for root device /dev/mmcblk0p10...

