Format: Log Type - Time(microsec) - Message - Optional Info
Format: Log Type - Time(microsec) - Message - Optional Info
Log Type: B - Since Boot(Power On Reset),  D - Delta,  S - Statistic
S - QC_IMAGE_VERSION_STRING=BOOT.BF.3.0-00280
S - IMAGE_VARIANT_STRING=HAAAANAAA
S - OEM_IMAGE_VERSION_STRING=InforceServer
S - Boot Config, 0x000002e3
S - Core 0 Frequency, 0 MHz
B -      1547 - PBL, Start
B -      3495 - bootable_media_detect_entry, Start
B -    195132 - bootable_media_detect_success, Start
B -    195137 - elf_loader_entry, Start
B -    197315 - auth_hash_seg_entry, Start
B -    197524 - auth_hash_seg_exit, Start
B -    212983 - elf_segs_hash_verify_entry, Start
B -    273215 - PBL, End
B -    279868 - SBL1, Start
B -    343460 - pm_device_init, Start
D -     14701 - pm_device_init, Delta
B -    358558 - boot_flash_init, Start
D -         0 - boot_flash_init, Delta
B -    362584 - boot_config_data_table_init, Start
D -     53375 - boot_config_data_table_init, Delta - (0 Bytes)
B -    420503 - CDT version:3,Platform ID:24,Major ID:1,Minor ID:0,Subtype:0
B -    426573 - sbl1_ddr_set_params, Start
B -    430385 - cpr_init, Start
D -         0 - cpr_init, Delta
B -    435997 - Pre_DDR_clock_init, Start
D -       183 - Pre_DDR_clock_init, Delta
D -         0 - sbl1_ddr_set_params, Delta
B -    448624 - pm_driver_init, Start
D -      3507 - pm_driver_init, Delta
B -    460702 - clock_init, Start
D -        30 - clock_init, Delta
B -    470828 - Image Load, Start
D -     33672 - QSEE Image Loaded, Delta - (567100 Bytes)
B -    504531 - Image Load, Start
D -       396 - SEC Image Loaded, Delta - (2048 Bytes)
B -    511759 - sbl1_efs_handle_cookies, Start
D -        91 - sbl1_efs_handle_cookies, Delta
B -    519506 - Image Load, Start
D -     20191 - QHEE Image Loaded, Delta - (51952 Bytes)
B -    539728 - Image Load, Start
D -     14609 - RPM Image Loaded, Delta - (149492 Bytes)
B -    554368 - Image Load, Start
D -     13054 - APPSBL Image Loaded, Delta - (488840 Bytes)
B -    567452 - QSEE Execution, Start
D -        91 - QSEE Execution, Delta
B -    573125 - SBL1, End
D -    295636 - SBL1, Delta
S - Flash Throughput, 118000 KB/s  (1259432 Bytes,  10614 us)
S - DDR Frequency, 400 MHz
Android Bootloader - UART_DM Initialized!!!
[0] welcome to lk

[10] platform_init()
[10] target_init()
[50] SDHC Running in HS200 mode
[60] Done initialization of the card
[70] pm8x41_get_is_cold_boot: cold boot
[70] No 'frp' partition found
[70] Not able to search the panel:
[80] Display not enabled for 24 HW type
[80] Target panel init not found!
[80] pm8x41_get_is_cold_boot: cold boot
[90] partition misc doesn't exist
[90] error in emmc_recovery_init
[90] Unable to locate /bootselect partition
[100] No 'misc' partition found
[100] Error reading MISC partition
[100] failed to get ffbm cookie[110] use_signed_kernel=0, is_unlocked=0, is_tampered=0.
[110] Loading boot image (446464): start
[130] Loading boot image (446464): done
[130] DTB Total entry: 5, DTB version: 2
[140] Using DTB entry 0x000000f7/00000000/0x00010018/0 for device 0x000000f7/00010000/0x00010018/0
[140] Using pmic info 0x2000b/0x0/0x0/0x0 for device 0x2000b/0x0/0x0/0x0
[150] target_display_panel_node:510: hw_id=24 panel_name=""
[160] cmdline:  androidboot.emmc=true androidboot.serialno=a88f3c50 androidboot.baseband=apq mdss_mdp.panel=0:dsi:0:
[170] Updating device tree: start
[170] Setting mac address in DT: 2:0:a8:8f:3c:50
[180] Updating device tree: done
[330] booting linux @ 0x80080000, ramdisk @ 0x82000000 (0), tags/device tree @ 0x81e00000
[340] Jumping to kernel via monitor


U-Boot 2018.03-rc2-dirty (Feb 16 2018 - 16:38:57 +0530)
Qualcomm-DragonBoard 410C

DRAM:  986 MiB
MMC:   sdhci@07824000: 0, sdhci@07864000: 1
Loading Environment from MMC... OK
In:    serial@78b0000
Out:   serial@78b0000
Err:   serial@78b0000
Net:   Net Initialization Skipped
No ethernet found.
Hit any key to stop autoboot:  0 
70866 bytes read in 141 ms (490.2 KiB/s)
dragonboard410c => setenv bootargs root=/dev/mmcblk0p10 rw rootwait console=tty0 console=ttyMSM0,115200n8 rootfs=ext4 noinitrd selinux=0
dragonboard410c => ext4load mmc 0:A ${kernel_addr_r} /boot/uImage; ext4load mmc 0:A ${fdt_addr_r} /boot/apq8016-sbc.dtb; bootm ${kernel_addr_r} - ${fdt_addr_r}
14101568 bytes read in 1588 ms (8.5 MiB/s)
70866 bytes read in 141 ms (490.2 KiB/s)
## Booting kernel from Legacy Image at 81000000 ...
   Image Name:   Dragonboard
   Image Type:   AArch64 Linux Kernel Image (uncompressed)
   Data Size:    14101504 Bytes = 13.4 MiB
   Load Address: 80080000
   Entry Point:  80080000
   Verifying Checksum ... OK
## Flattened Device Tree blob at 83000000
   Booting using the fdt blob at 0x83000000
   Loading Kernel Image ... OK
   Using Device Tree in place at 0000000083000000, end 00000000830144d1

Starting kernel ...

[    0.000000] Booting Linux on physical CPU 0x0
[    0.000000] Initializing cgroup subsys cpuset
[    0.000000] Initializing cgroup subsys cpu
[    0.000000] Initializing cgroup subsys cpuacct
[    0.000000] Linux version 4.4.23+linaro (harshal235@harshal235-pc) (gcc version 6.2.1 20161016 (Linaro GCC 6.2-2016.11) ) #1 SMP PREEMPT Tue Jan 30 12:26:33 IST 2018
[    0.000000] Boot CPU: AArch64 Processor [410fd030]
[    0.000000] efi: Getting EFI parameters from FDT:
[    0.000000] efi: UEFI not found.
[    0.000000] cma: Reserved 64 MiB at 0x00000000b9800000
[    0.000000] psci: probing for conduit method from DT.
[    0.000000] psci: PSCIv1.0 detected in firmware.
[    0.000000] psci: Using standard PSCI v0.2 function IDs
[    0.000000] psci: MIGRATE_INFO_TYPE not supported.
[    0.000000] PERCPU: Embedded 16 pages/cpu @ffffffc03d93e000 s25112 r8192 d32232 u65536
[    0.000000] Detected VIPT I-cache on CPU0
[    0.000000] CPU features: enabling workaround for ARM errata 826319, 827319, 824069
[    0.000000] CPU features: enabling workaround for ARM erratum 845719
[    0.000000] Built 1 zonelists in Zone order, mobility grouping on.  Total pages: 231840
[    0.000000] Kernel command line: root=/dev/mmcblk0p10 rw rootwait console=tty0 console=ttyMSM0,115200n8 rootfs=ext4 noinitrd selinux=0
[    0.000000] log_buf_len individual max cpu contribution: 4096 bytes
[    0.000000] log_buf_len total cpu_extra contributions: 12288 bytes
[    0.000000] log_buf_len min size: 16384 bytes
[    0.000000] log_buf_len: 32768 bytes
[    0.000000] early log buf free: 14524(88%)
[    0.000000] PID hash table entries: 4096 (order: 3, 32768 bytes)
[    0.000000] Dentry cache hash table entries: 131072 (order: 8, 1048576 bytes)
[    0.000000] Inode-cache hash table entries: 65536 (order: 7, 524288 bytes)
[    0.000000] software IO TLB [mem 0xb4600000-0xb8600000] (64MB) mapped at [ffffffc034600000-ffffffc0385fffff]
[    0.000000] Memory: 777692K/942080K available (8496K kernel code, 807K rwdata, 3800K rodata, 568K init, 274K bss, 98852K reserved, 65536K cma-reserved)
[    0.000000] Virtual kernel memory layout:
[    0.000000]     vmalloc : 0xffffff8000000000 - 0xffffffbdbfff0000   (   246 GB)
[    0.000000]     vmemmap : 0xffffffbdc0000000 - 0xffffffbfc0000000   (     8 GB maximum)
[    0.000000]               0xffffffbdc0000000 - 0xffffffbdc0f68000   (    15 MB actual)
[    0.000000]     fixed   : 0xffffffbffa7fd000 - 0xffffffbffac00000   (  4108 KB)
[    0.000000]     PCI I/O : 0xffffffbffae00000 - 0xffffffbffbe00000   (    16 MB)
[    0.000000]     modules : 0xffffffbffc000000 - 0xffffffc000000000   (    64 MB)
[    0.000000]     memory  : 0xffffffc000000000 - 0xffffffc03da00000   (   986 MB)
[    0.000000]       .init : 0xffffffc000c85000 - 0xffffffc000d13000   (   568 KB)
[    0.000000]       .text : 0xffffffc000080000 - 0xffffffc000c84324   ( 12305 KB)
[    0.000000]       .data : 0xffffffc000d29000 - 0xffffffc000df2c00   (   807 KB)
[    0.000000] SLUB: HWalign=64, Order=0-3, MinObjects=0, CPUs=4, Nodes=1
[    0.000000] Preemptible hierarchical RCU implementation.
[    0.000000] 	Build-time adjustment of leaf fanout to 64.
[    0.000000] 	RCU restricting CPUs from NR_CPUS=64 to nr_cpu_ids=4.
[    0.000000] RCU: Adjusting geometry for rcu_fanout_leaf=64, nr_cpu_ids=4
[    0.000000] NR_IRQS:64 nr_irqs:64 0
[    0.000000] Architected cp15 and mmio timer(s) running at 19.20MHz (virt/virt).
[    0.000000] clocksource: arch_sys_counter: mask: 0xffffffffffffff max_cycles: 0x46d987e47, max_idle_ns: 440795202767 ns
[    0.000004] sched_clock: 56 bits at 19MHz, resolution 52ns, wraps every 4398046511078ns
[    0.000428] Console: colour dummy device 80x25
[    0.001401] console [tty0] enabled
[    0.001431] Calibrating delay loop (skipped), value calculated using timer frequency.. 38.40 BogoMIPS (lpj=76800)
[    0.001475] pid_max: default: 32768 minimum: 301
[    0.001558] Security Framework initialized
[    0.001619] Mount-cache hash table entries: 2048 (order: 2, 16384 bytes)
[    0.001646] Mountpoint-cache hash table entries: 2048 (order: 2, 16384 bytes)
[    0.002219] Initializing cgroup subsys io
[    0.002253] Initializing cgroup subsys memory
[    0.002292] Initializing cgroup subsys devices
[    0.002318] Initializing cgroup subsys freezer
[    0.002343] Initializing cgroup subsys net_cls
[    0.002371] Initializing cgroup subsys perf_event
[    0.002396] Initializing cgroup subsys net_prio
[    0.002424] Initializing cgroup subsys hugetlb
[    0.002447] Initializing cgroup subsys pids
[    0.002721] EFI services will not be available.
[    0.002759] ASID allocator initialised with 65536 entries
[    0.040167] Detected VIPT I-cache on CPU1
[    0.040207] CPU1: Booted secondary processor [410fd030]
[    0.052180] Detected VIPT I-cache on CPU2
[    0.052211] CPU2: Booted secondary processor [410fd030]
[    0.064204] Detected VIPT I-cache on CPU3
[    0.064233] CPU3: Booted secondary processor [410fd030]
[    0.064287] Brought up 4 CPUs
[    0.064413] SMP: Total of 4 processors activated.
[    0.064438] CPU: All CPU(s) started at EL1
[    0.064477] alternatives: patching kernel code
[    0.065106] devtmpfs: initialized
[    0.085925] DMI not present or invalid.
[    0.086229] clocksource: jiffies: mask: 0xffffffff max_cycles: 0xffffffff, max_idle_ns: 7645041785100000 ns
[    0.088631] pinctrl core: initialized pinctrl subsystem
[    0.090262] NET: Registered protocol family 16
[    0.100164] cpuidle: using governor ladder
[    0.112173] cpuidle: using governor menu
[    0.112482] vdso: 2 pages (1 code @ ffffffc000d31000, 1 data @ ffffffc000d30000)
[    0.112543] hw-breakpoint: found 6 breakpoint and 4 watchpoint registers.
[    0.113378] DMA: preallocated 256 KiB pool for atomic allocations
[    0.113598] Serial: AMBA PL011 UART driver
[    0.126426] irq: no irq domain found for /hexagon-smp2p/slave-kernel !
[    0.127183] irq: no irq domain found for /wcnss-smp2p/slave-kernel !
[    0.130320] irq: no irq domain found for /soc/qcom,mdss_mdp@1a00000 !
[    0.161695] msm_bus_fabric_init_driver
[    0.161889] msm_bus_device 580000.ad-hoc-bus: Dev 1024
[    0.161925] msm_bus_device 580000.ad-hoc-bus: Util-fact is missing, default to 100
[    0.161961] msm_bus_device 580000.ad-hoc-bus: Vrail-comp is missing, default to 100
[    0.162207] msm_bus_device 580000.ad-hoc-bus: Dev 0
[    0.162237] msm_bus_device 580000.ad-hoc-bus: Util-fact is missing, default to 100
[    0.162273] msm_bus_device 580000.ad-hoc-bus: Vrail-comp is missing, default to 100
[    0.162431] msm_bus_device 580000.ad-hoc-bus: Dev 4096
[    0.162463] msm_bus_device 580000.ad-hoc-bus: Util-fact is missing, default to 100
[    0.162498] msm_bus_device 580000.ad-hoc-bus: Vrail-comp is missing, default to 100
[    0.168112] msm_bus_init_clk: Valid node clk node 1024 ctx 0
[    0.168129] msm_bus_init_clk: Valid node clk node 1024 ctx 1msm_bus_init_clk: Valid node clk node 0 ctx 0
[    0.168248] msm_bus_init_clk: Valid node clk node 0 ctx 1msm_bus_init_clk: Valid node clk node 4096 ctx 0
[    0.168366] msm_bus_init_clk: Valid node clk node 4096 ctx 1[    0.301092] vgaarb: loaded
[    0.308109] SCSI subsystem initialized
[    0.342425] usbcore: registered new interface driver usbfs
[    0.343755] usbcore: registered new interface driver hub
[    0.345435] usbcore: registered new device driver usb
[    0.349192] media: Linux media interface: v0.10
[    0.350408] Linux video capture interface: v2.00
[    0.354983] dmi: Firmware registration failed.
[    0.358331] Advanced Linux Sound Architecture Driver Initialized.
[    0.371327] Bluetooth: Core ver 2.21
[    0.372167] NET: Registered protocol family 31
[    0.372226] Bluetooth: HCI device and connection manager initialized
[    0.372480] Bluetooth: HCI socket layer initialized
[    0.372654] Bluetooth: L2CAP socket layer initialized
[    0.373026] Bluetooth: SCO socket layer initialized
[    0.386827] clocksource: Switched to clocksource arch_sys_counter
[    0.539409] NET: Registered protocol family 2
[    0.549589] TCP established hash table entries: 8192 (order: 4, 65536 bytes)
[    0.551540] TCP bind hash table entries: 8192 (order: 5, 131072 bytes)
[    0.559011] TCP: Hash tables configured (established 8192 bind 8192)
[    0.565137] UDP hash table entries: 512 (order: 2, 16384 bytes)
[    0.565475] UDP-Lite hash table entries: 512 (order: 2, 16384 bytes)
[    0.570194] NET: Registered protocol family 1
[    0.577180] RPC: Registered named UNIX socket transport module.
[    0.577293] RPC: Registered udp transport module.
[    0.577320] RPC: Registered tcp transport module.
[    0.577358] RPC: Registered tcp NFSv4.1 backchannel transport module.
[    0.587638] hw perfevents: enabled with armv8_pmuv3 PMU driver, 7 counters available
[    0.592834] kvm [1]: HYP mode not available
[    0.623581] futex hash table entries: 1024 (order: 5, 131072 bytes)
[    0.628472] audit: initializing netlink subsys (disabled)
[    0.630484] audit: type=2000 audit(0.611:1): initialized
[    0.644298] HugeTLB registered 2 MB page size, pre-allocated 0 pages
[    0.849077] VFS: Disk quotas dquot_6.6.0
[    0.853186] VFS: Dquot-cache hash table entries: 512 (order 0, 4096 bytes)
[    0.910444] NFS: Registering the id_resolver key type
[    0.911377] Key type id_resolver registered
[    0.911419] Key type id_legacy registered
[    0.916582] fuse init (API version 7.23)
[    0.928200] 9p: Installing v9fs 9p2000 file system support
[    0.952833] io scheduler noop registered
[    0.957988] io scheduler cfq registered (default)
[    1.124490] Serial: 8250/16550 driver, 4 ports, IRQ sharing disabled
[    1.160594] msm_serial 78af000.serial: msm_serial: detected port #1
[    1.164301] msm_serial 78af000.serial: uartclk = 3686400
[    1.165676] 78af000.serial: ttyMSM1 at MMIO 0x78af000 (irq = 131, base_baud = 230400) is a MSM
[    1.173132] msm_serial 78b0000.serial: msm_serial: detected port #0
[    1.174264] msm_serial 78b0000.serial: uartclk = 3686400
[    1.174961] 78b0000.serial: ttyMSM0 at MMIO 0x78b0000 (irq = 132, base_baud = 230400) is a MSM
[    1.175219] msm_serial: console setup on port #0
[    2.064724] console [ttyMSM0] enabled
[    2.076322] msm_serial: driver initialized
[    2.085488] [drm] Initialized drm 1.1.0 20060810
[    2.093575] l6: supplied by s4
[    2.133568] 1a98000.qcom,mdss_dsi supply gdsc not found, using dummy regulator
[    2.136819] 1a98000.qcom,mdss_dsi supply gdsc not found, using dummy regulator
[    2.143198] l2: supplied by s3
[    2.151069] msm_dsi_manager_register: failed to register mipi dsi host for DSI 0
[    2.153075] msm 1a00000.qcom,mdss_mdp: failed to bind 1a98000.qcom,mdss_dsi (ops dsi_ops): -517
[    2.165853] msm 1a00000.qcom,mdss_mdp: master bind failed: -517
[    2.332173] loop: module loaded
[    2.368771] spi_qup 78b7000.spi: IN:block:16, fifo:64, OUT:block:16, fifo:64
[    2.385912] spi_qup 78b9000.spi: IN:block:16, fifo:64, OUT:block:16, fifo:64
[    2.399178] spmi spmi-0: PMIC Arb Version-2 (0x20010000)
[    2.532828] tun: Universal TUN/TAP device driver, 1.6
[    2.533422] tun: (C) 1999-2004 Max Krasnyansky <maxk@qualcomm.com>
[    2.545787] sky2: driver version 1.30
[    2.552487] usbcore: registered new interface driver asix
[    2.554009] usbcore: registered new interface driver ax88179_178a
[    2.557918] usbcore: registered new interface driver cdc_ether
[    2.563898] usbcore: registered new interface driver dm9601
[    2.569556] usbcore: registered new interface driver net1080
[    2.575098] usbcore: registered new interface driver plusb
[    2.581018] usbcore: registered new interface driver cdc_subset
[    2.586163] usbcore: registered new interface driver zaurus
[    2.592571] usbcore: registered new interface driver cdc_ncm
[    2.621400] ehci_hcd: USB 2.0 'Enhanced' Host Controller (EHCI) Driver
[    2.621964] ehci-pci: EHCI PCI platform driver
[    2.628122] ehci-platform: EHCI generic platform driver
[    2.633655] ehci-msm: Qualcomm On-Chip EHCI Host Controller
[    2.640223] msm_hsusb_host 78d9000.ehci: unable to find transceiver
[    2.643490] ohci_hcd: USB 1.1 'Open' Host Controller (OHCI) Driver
[    2.648705] ohci-pci: OHCI PCI platform driver
[    2.655598] ohci-platform: OHCI generic platform driver
[    2.662360] usbcore: registered new interface driver cdc_acm
[    2.664263] cdc_acm: USB Abstract Control Model driver for USB modems and ISDN adapters
[    2.671265] usbcore: registered new interface driver usblp
[    2.678702] usbcore: registered new interface driver cdc_wdm
[    2.684128] usbcore: registered new interface driver uas
[    2.690333] usbcore: registered new interface driver usb-storage
[    2.696939] usbcore: registered new interface driver usbserial
[    2.701039] usbcore: registered new interface driver usbserial_generic
[    2.706875] usbserial: USB Serial support registered for generic
[    2.727935] usb3503 usb2513: switched to HUB mode
[    2.728066] usb3503 usb2513: usb3503_probe: probed in hub mode
[    2.741614] usbip_core: USB/IP Core v1.0.0
[    2.743001] usbcore: registered new device driver usbip-host
[    2.744903] usbip_host: USB/IP Host Driver v1.0.0
[    2.759622] mousedev: PS/2 mouse device common for all mice
[    2.776105] input: pm8941_pwrkey as /devices/platform/soc/200f000.spmi/spmi-0/0-00/200f000.spmi:pm8916@0:pwrkey@800/input/input0
[    2.789353] rtc-pm8xxx 200f000.spmi:pm8916@0:rtc@6000: Invalid time read from RTC
[    2.792849] rtc-pm8xxx 200f000.spmi:pm8916@0:rtc@6000: rtc core: registered pm8xxx_rtc as rtc0
[    2.800320] i2c /dev entries driver
[    2.811762] i2c_qup 78b6000.i2c: 
[    2.811762]  tx channel not available
[    2.825425] i2c_qup 78b8000.i2c: 
[    2.825425]  tx channel not available
[    2.876068] i2c_qup 78ba000.i2c: 
[    2.876068]  tx channel not available
[    2.901793] msm_cci_init_gpio_params:1371 gpio count 0
[    2.914995] l3: supplied by s3
[    2.919628] CPR closed loop is enabled
[    2.923262] CPR is enabled!
[    2.943780] qcom-tsens 4a8000.thermal-sensor: tsens calibration failed
[    2.945749] Bluetooth: HCI UART driver ver 2.3
[    2.949511] Bluetooth: HCI UART protocol H4 registered
[    2.953820] Bluetooth: HCI UART protocol BCSP registered
[    2.958920] Bluetooth: HCI UART protocol Three-wire (H5) registered
[    2.965950] usbcore: registered new interface driver btusb
[    2.978402] cpu: dev_pm_opp_of_cpumask_add_table: couldn't find opp table for cpu:0, -19
[    3.011876] sdhci: Secure Digital Host Controller Interface driver
[    3.012440] sdhci: Copyright(c) Pierre Ossman
[    3.018165] Synopsys Designware Multimedia Card Interface Driver
[    3.027737] sdhci-pltfm: SDHCI platform and OF driver helper
[    3.091890] l5: supplied by s4
[    3.189120] mmc0: SDHCI controller on 7824900.sdhci [7824900.sdhci] using ADMA 64-bit
[    3.206925] sdhci_msm 7864900.sdhci: Got CD GPIO
[    3.381936] mmc1: SDHCI controller on 7864900.sdhci [7864900.sdhci] using ADMA 64-bit
[    3.456466] ledtrig-cpu: registered to indicate activity on CPUs
[    3.461841] mmc0: MAN_BKOPS_EN bit is not set
[    3.497610] usbcore: registered new interface driver usbhid
[    3.498928] usbhid: USB HID core driver
[    3.551257] 4080000.hexagon supply cx not found, using dummy regulator
[    3.562003] 4080000.hexagon supply mss not found, using dummy regulator
[    3.569049] l7: supplied by s4
[    3.600558]  remoteproc0: 4080000.hexagon is available
[    3.600993]  remoteproc0: Note: remoteproc is still under development and considered experimental.
[    3.605118]  remoteproc0: THE BINARY FORMAT IS NOT YET FINALIZED, and backward compatibility isn't yet guaranteed.
[    3.617246]  remoteproc0: Direct firmware load for mba.mbn failed with error -2
[    3.644680] qcom-tz-pil venus_pil: no crash reason id
[    3.652324] venus_pil supply qcom,pll not found, using dummy regulator
[    3.654057] qcom-tz-pil venus_pil: failed to read qcom,pll_uV, skipping
[    3.658447] qcom-tz-pil venus_pil: failed to read qcom,pll_uA, skipping
[    3.664904] qcom-tz-pil venus_pil: no wdog IRQ defined
[    3.671240] qcom-tz-pil venus_pil: no fatal IRQ defined
[    3.676431] qcom-tz-pil venus_pil: no ready IRQ defined
[    3.681440] qcom-tz-pil venus_pil: no handover IRQ defined
[    3.686909] qcom-tz-pil venus_pil: no stop-ack IRQ defined
[    3.693353] qcom-tz-pil venus_pil: Found relocation area 8388608@0x000000008f800000
[    3.698944]  remoteproc1: venus_pil is available
[    3.705219]  remoteproc1: Note: remoteproc is still under development and considered experimental.
[    3.710355]  remoteproc1: THE BINARY FORMAT IS NOT YET FINALIZED, and backward compatibility isn't yet guaranteed.
[    3.720467]  remoteproc1: Direct firmware load for venus.mdt failed with error -2
[    3.729311] mmc0: new HS200 MMC card at address 0001
[    3.737118]  remoteproc1: failed to load venus_pil
[    3.766980] mmcblk0: mmc0:0001 DS1008 7.28 GiB 
[    3.784077] a204000.wcnss supply vddcx not found, using dummy regulator
[    3.795809] mmcblk0boot0: mmc0:0001 DS1008 partition 1 4.00 MiB
[    3.818813] mmcblk0boot1: mmc0:0001 DS1008 partition 2 4.00 MiB
[    3.844925]  remoteproc2: a204000.wcnss is available
[    3.845721]  remoteproc2: Note: remoteproc is still under development and considered experimental.
[    3.849592]  remoteproc2: THE BINARY FORMAT IS NOT YET FINALIZED, and backward compatibility isn't yet guaranteed.
[    3.849628] mmcblk0rpmb: mmc0:0001 DS1008 partition 3 4.00 MiB
[    3.872395]  remoteproc2: Direct firmware load for wcnss.mdt failed with error -2
[    4.035071]  mmcblk0: p1 p2 p3 p4 p5 p6 p7 p8 p9 p10
[    4.103390] coresight-tmc 825000.etf: TMC initialized
[    4.296005] coresight-tmc 826000.etr: TMC initialized
[    4.388344] coresight-tpiu 820000.tpiu: TPIU initialized
[    4.480182] coresight-funnel 821000.funnel: FUNNEL initialized
[    4.505677] coresight-funnel 841000.funnel: FUNNEL initialized
[    4.551475] coresight-etm4x 85c000.etm: ETM 4.0 initialized
[    4.578761] coresight-etm4x 85d000.etm: ETM 4.0 initialized
[    4.611538] coresight-etm4x 85e000.etm: ETM 4.0 initialized
[    4.639961] coresight-etm4x 85f000.etm: ETM 4.0 initialized
[    4.673157] coresight-replicator-qcom 824000.replicator: REPLICATOR 1.0 initialized
[    4.710032] usbcore: registered new interface driver snd-usb-audio
[    4.792098] apq8016-lpass-cpu 7708000.lpass-cpu: asoc_qcom_lpass_cpu_platform_probe() error getting mi2s-osr-clk: -2
[    4.793598] apq8016-lpass-cpu 7708000.lpass-cpu: asoc_qcom_lpass_cpu_platform_probe() error getting mi2s-osr-clk: -2
[    4.802667] apq8016-lpass-cpu 7708000.lpass-cpu: asoc_qcom_lpass_cpu_platform_probe() error getting mi2s-osr-clk: -2
[    4.813331] apq8016-lpass-cpu 7708000.lpass-cpu: asoc_qcom_lpass_cpu_platform_probe() error getting mi2s-osr-clk: -2
[    4.866039] msm8916-wcd-codec 200f000.spmi:pm8916@1:codec@f000: PMIC REV: 1	 CODEC Version: 1
[    4.886855] qcom-apq8016-sbc 7702000.sound: adv7511 <-> Quatenary MI2S mapping ok
[    4.894930] qcom-apq8016-sbc 7702000.sound: msm8916_wcd_i2s_rx1 <-> Primary MI2S mapping ok
[    4.900327] qcom-apq8016-sbc 7702000.sound: msm8916_wcd_i2s_tx1 <-> Tertiary MI2S mapping ok
[    5.037709] NET: Registered protocol family 10
[    5.074315] sit: IPv6 over IPv4 tunneling driver
[    5.094446] NET: Registered protocol family 17
[    5.110378] Bluetooth: RFCOMM TTY layer initialized
[    5.111652] Bluetooth: RFCOMM socket layer initialized
[    5.115039] Bluetooth: RFCOMM ver 1.11
[    5.119893] Bluetooth: HIDP (Human Interface Emulation) ver 1.2
[    5.123989] Bluetooth: HIDP socket layer initialized
[    5.131469] 9pnet: Installing 9P2000 support
[    5.137955] Key type dns_resolver registered
[    5.140129] NET: Registered protocol family 42
[    5.196134] registered taskstats version 1
[    5.234132] msm_iommu 1f00000.qcom,iommu: invalid resource
[    5.240913] msm_iommu 1f00000.qcom,iommu: iface: 100000000, core: 800000000
[    5.241782] msm_iommu 1f00000.qcom,iommu: device gfx_iommu (model: 500) mapped at ffffff8000b20000, with 2 ctx banks
[    5.247898] msm_iommu 1f00000.qcom,iommu: iommu sec: pgtable size: 94208
[    5.292032] genirq: Setting trigger mode 1 for irq 152 failed (gic_set_type+0x0/0x48)
[    5.298359] msm_iommu 1f00000.qcom,iommu: Request Global CFG IRQ 152 failed with ret=-22
[    5.317760] msm_iommu_ctx 1f09000.qcom,iommu-ctx: context gfx3d_user using bank 1
[    5.338181] msm_iommu_ctx 1f0a000.qcom,iommu-ctx: context gfx3d_priv using bank 2
[    5.344807] msm_iommu 1e00000.qcom,iommu: iface: 100000000, core: 800000000
[    5.346259] msm_iommu 1e00000.qcom,iommu: device apps_iommu (model: 500) mapped at ffffff8004700000, with 20 ctx banks
[    5.365449] genirq: Setting trigger mode 1 for irq 152 failed (gic_set_type+0x0/0x48)
[    5.376391] msm_iommu 1e00000.qcom,iommu: Request Global CFG IRQ 152 failed with ret=-22
[    5.402438] msm_iommu_ctx 1e22000.qcom,iommu-ctx: context jpeg_enc0 using bank 2
[    5.420514] msm_iommu_ctx 1e23000.qcom,iommu-ctx: context vfe using bank 3
[    5.442817] msm_iommu_ctx 1e24000.qcom,iommu-ctx: context mdp_0 using bank 4
[    5.462730] msm_iommu_ctx 1e25000.venus_ns: context venus_ns using bank 5
[    5.486095] msm_iommu_ctx 1e26000.qcom,iommu-ctx: context cpp using bank 6
[    5.504668] msm_iommu_ctx 1e27000.qcom,iommu-ctx: context mDSP using bank 7
[    5.522033] msm_iommu_ctx 1e28000.qcom,iommu-ctx: context gss using bank 8
[    5.544459] msm_iommu_ctx 1e29000.qcom,iommu-ctx: context a2 using bank 9
[    5.564054] msm_iommu_ctx 1e32000.qcom,iommu-ctx: context mdp_1 using bank 18
[    5.578830] msm_iommu_ctx 1e33000.venus_sec_pixel: context venus_sec_pixel using bank 19
[    5.591369] msm_iommu_ctx 1e34000.venus_sec_bitstream: context venus_sec_bitstream using bank 20
[    5.609474] msm_iommu_ctx 1e35000.venus_sec_non_pixel: context venus_sec_non_pixel using bank 21
[    5.626949] msm_iommu_ctx 1e36000.qcom,iommu-ctx: context venus_fw using bank 22
[    5.643038] msm_iommu_ctx 1e37000.qcom,iommu-ctx: context periph_rpm using bank 23
[    5.661372] msm_iommu_ctx 1e38000.qcom,iommu-ctx: context periph_CE using bank 24
[    5.680895] msm_iommu_ctx 1e39000.qcom,iommu-ctx: context periph_BLSP using bank 25
[    5.700225] msm_iommu_ctx 1e3a000.qcom,iommu-ctx: context periph_SDC1 using bank 26
[    5.721566] msm_iommu_ctx 1e3b000.qcom,iommu-ctx: context periph_SDC2 using bank 27
[    5.741710] msm_iommu_ctx 1e3c000.qcom,iommu-ctx: context periph_audio using bank 28
[    5.761336] msm_iommu_ctx 1e3d000.qcom,iommu-ctx: context periph_USB_HS1 using bank 29
[    5.839425] 1a98000.qcom,mdss_dsi supply gdsc not found, using dummy regulator
[    5.845371] 1a98000.qcom,mdss_dsi supply gdsc not found, using dummy regulator
[    5.893997] msm 1a00000.qcom,mdss_mdp: bound 1a98000.qcom,mdss_dsi (ops dsi_ops)
[    5.895654] msm 1a00000.qcom,mdss_mdp: bound 1c00000.qcom,adreno-3xx (ops a3xx_ops)
[    5.902298] 1a00000.qcom,mdss_mdp supply vdd not found, using dummy regulator
[    5.951977] [drm] Supports vblank timestamp caching Rev 2 (21.10.2013).
[    5.952578] [drm] No driver support for vblank timestamp query.
[    6.733418] Console: switching to colour frame buffer device 170x48
[    6.767046] msm 1a00000.qcom,mdss_mdp: fb0: msm frame buffer device
[    6.782540] [drm] Initialized msm 1.0.0 20130625 on minor 0
[    6.783467] msm_otg 78d9000.phy: OTG regs = ffffff800061a000
[    6.787348] msm_otg 78d9000.phy: no vddcx
[    6.907888] input: gpio_keys as /devices/platform/gpio_keys/input/input1
[    6.915658] ALSA device lisï¿½[    6.922971] EXT4-fs (mmcblk0p10): couldn't mount as ext3 due to feature incompatibilities
[    6.986812] EXT4-fs (mmcblk0p10): recovery complete
[    6.989818] EXT4-fs (mmcblk0p10): mounted filesystem with ordered data mode. Opts: (null)
[    6.990765] VFS: Mounted root (ext4 filesystem) on device 179:10.
[    7.000950] devtmpfs: mounted
[    7.005300] Freeing unused kernel memory: 568K (ffffffc000c85000 - ffffffc000d13000)
[    7.008119] Freeing alternatives memory: 64K (ffffffc000d13000 - ffffffc000d23000)
[    7.038767] msm_otg 78d9000.phy: Avail curr from USB = 100
[    7.051641] EXT4-fs (mmcblk0p10): re-mounted. Opts: data=ordered
Starting logging: OK
Initializing random number generator... [    7.108010] random: dd: uninitialized urandom read (512 bytes read, 27 bits of entropy available)
done.
Starting network: Waiting for interface eth0 to appear............... timeout!
run-parts: /etc/network/if-pre-up.d/wait_iface: exit status 1
FAIL
all hail thenos

Welcome to Buildroot
buildroot login: [   37.825185] random: nonblocking pool is initialized

Welcome to Buildroot
buildroot login: 
Welcome to Buildroot
buildroot login: root
# ls
# cd /
# ls
bin         lib         media       root        tmp
boot        lib64       mnt         run         usr
dev         linuxrc     opt         sbin        var
etc         lost+found  proc        sys
# cd boot/
# ls
Image-4.4.23+linaro  uEnv.txt
apq8016-sbc.dtb      uImage
# uname -a
Linux buildroot 4.4.23+linaro #1 SMP PREEMPT Tue Jan 30 12:26:33 IST 2018 aarch64 GNU/Linux
# 

